main.c:85:5:main	56	static
main.c:253:6:SystemClock_Config	88	static
main.c:298:13:MX_I2C1_Init	8	static
main.c:332:13:MX_TIM1_Init	32	static
main.c:378:13:MX_TIM2_Init	48	static
main.c:436:13:MX_TIM4_Init	64	static
main.c:499:13:MX_USART2_UART_Init	8	static
main.c:532:13:MX_GPIO_Init	48	static
main.c:576:6:delay_us	16	static
main.c:583:6:HCSR04_Read	8	static
main.c:591:6:HAL_TIM_IC_CaptureCallback	16	static
main.c:630:6:LCD_SendCommand	32	static
main.c:643:6:LCD_SendData	32	static
main.c:656:6:LCD_Init	8	static
main.c:677:6:LCD_SendString	16	static
main.c:682:6:LCD_Clear	8	static
main.c:693:6:Error_Handler	4	static,ignoring_inline_asm
