main.c:81:5:main	56	static
main.c:240:6:SystemClock_Config	88	static
main.c:285:13:MX_I2C1_Init	8	static
main.c:319:13:MX_TIM1_Init	32	static
main.c:365:13:MX_TIM2_Init	48	static
main.c:423:13:MX_TIM4_Init	48	static
main.c:476:13:MX_USART2_UART_Init	8	static
main.c:509:13:MX_GPIO_Init	48	static
main.c:562:6:delay_us	16	static
main.c:568:6:HCSR04_Read	8	static
main.c:575:6:HAL_TIM_IC_CaptureCallback	16	static
main.c:606:6:LCD_SendCommand	32	static
main.c:619:6:LCD_SendData	32	static
main.c:632:6:LCD_Init	8	static
main.c:654:6:LCD_SendString	16	static
main.c:659:6:LCD_Clear	8	static
main.c:670:6:Error_Handler	4	static,ignoring_inline_asm
